autogen
autogen/slot-001
blacklist
blacklist/archive
blacklist/code
blacklist/code/semgrep
blacklist/export
blacklist/export/csv
blacklist/export/html
blacklist/export/json
blacklist/export/txt
blacklist/latest
blacklist/latest/csv
blacklist/latest/html
blacklist/latest/json
blacklist/latest/txt
blacklist/logs
blacklist/networks
blacklist/networks/all
blacklist/networks/et
blacklist/networks/spamhaus
blacklist/packages
blacklist/packages/dc
blacklist/packages/npm
blacklist/packages/python
blacklist/raw
blacklist/report
blacklist/snapshots
blacklist/snapshots/20250805T134145Z
blacklist/snapshots/20250805T134145Z/archive
blacklist/snapshots/20250805T134145Z/code
blacklist/snapshots/20250805T134145Z/code/semgrep
blacklist/snapshots/20250805T134145Z/export
blacklist/snapshots/20250805T134145Z/export/csv
blacklist/snapshots/20250805T134145Z/export/html
blacklist/snapshots/20250805T134145Z/export/json
blacklist/snapshots/20250805T134145Z/export/txt
blacklist/snapshots/20250805T134145Z/latest
blacklist/snapshots/20250805T134145Z/logs
blacklist/snapshots/20250805T134145Z/networks
blacklist/snapshots/20250805T134145Z/networks/all
blacklist/snapshots/20250805T134145Z/networks/et
blacklist/snapshots/20250805T134145Z/networks/spamhaus
blacklist/snapshots/20250805T134145Z/packages
blacklist/snapshots/20250805T134145Z/packages/dc
blacklist/snapshots/20250805T134145Z/packages/npm
blacklist/snapshots/20250805T134145Z/packages/python
blacklist/snapshots/20250805T134145Z/raw
blacklist/snapshots/20250805T134145Z/report
blacklist/snapshots/20250805T134145Z/summary
blacklist/snapshots/20250805T134802Z
blacklist/snapshots/20250805T134802Z/archive
blacklist/snapshots/20250805T134802Z/code
blacklist/snapshots/20250805T134802Z/code/semgrep
blacklist/snapshots/20250805T134802Z/export
blacklist/snapshots/20250805T134802Z/export/csv
blacklist/snapshots/20250805T134802Z/export/html
blacklist/snapshots/20250805T134802Z/export/json
blacklist/snapshots/20250805T134802Z/export/txt
blacklist/snapshots/20250805T134802Z/latest
blacklist/snapshots/20250805T134802Z/latest/csv
blacklist/snapshots/20250805T134802Z/latest/html
blacklist/snapshots/20250805T134802Z/latest/json
blacklist/snapshots/20250805T134802Z/latest/txt
blacklist/snapshots/20250805T134802Z/logs
blacklist/snapshots/20250805T134802Z/networks
blacklist/snapshots/20250805T134802Z/networks/all
blacklist/snapshots/20250805T134802Z/networks/et
blacklist/snapshots/20250805T134802Z/networks/spamhaus
blacklist/snapshots/20250805T134802Z/packages
blacklist/snapshots/20250805T134802Z/packages/dc
blacklist/snapshots/20250805T134802Z/packages/npm
blacklist/snapshots/20250805T134802Z/packages/python
blacklist/snapshots/20250805T134802Z/raw
blacklist/snapshots/20250805T134802Z/report
blacklist/snapshots/20250805T134802Z/summary
blacklist/summary
echo_logs
echo_monitoring
echo_scripts
migration
workflows
